
> shadcn-nextjs-admincn-admin-template-free@1.0.0 build
> next build


> Build error occurred
Error: > Couldn't find any `pages` or `app` directory. Please create one under the project root
    at ignore-listed frames
